Copyright 1986-2022 Xilinx, Inc. All Rights Reserved. Copyright 2022-2023 Advanced Micro Devices, Inc. All Rights Reserved.
---------------------------------------------------------------------------------------------------------------------------------------------
| Tool Version : Vivado v.2023.2 (win64) Build 4029153 Fri Oct 13 20:14:34 MDT 2023
| Date         : Tue Jun  4 09:20:21 2024
| Host         : Ciprian running 64-bit major release  (build 9200)
| Command      : report_control_sets -verbose -file Tester_control_sets_placed.rpt
| Design       : Tester
| Device       : xc7a35t
---------------------------------------------------------------------------------------------------------------------------------------------

Control Set Information

Table of Contents
-----------------
1. Summary
2. Histogram
3. Flip-Flop Distribution
4. Detailed Control Set Information

1. Summary
----------

+----------------------------------------------------------+-------+
|                          Status                          | Count |
+----------------------------------------------------------+-------+
| Total control sets                                       |     7 |
|    Minimum number of control sets                        |     7 |
|    Addition due to synthesis replication                 |     0 |
|    Addition due to physical synthesis replication        |     0 |
| Unused register locations in slices containing registers |    30 |
+----------------------------------------------------------+-------+
* Control sets can be merged at opt_design using control_set_merge or merge_equivalent_drivers
** Run report_qor_suggestions for automated merging and remapping suggestions


2. Histogram
------------

+--------------------+-------+
|       Fanout       | Count |
+--------------------+-------+
| Total control sets |     7 |
| >= 0 to < 4        |     0 |
| >= 4 to < 6        |     1 |
| >= 6 to < 8        |     0 |
| >= 8 to < 10       |     1 |
| >= 10 to < 12      |     4 |
| >= 12 to < 14      |     0 |
| >= 14 to < 16      |     0 |
| >= 16              |     1 |
+--------------------+-------+
* Control sets can be remapped at either synth_design or opt_design


3. Flip-Flop Distribution
-------------------------

+--------------+-----------------------+------------------------+-----------------+--------------+
| Clock Enable | Synchronous Set/Reset | Asynchronous Set/Reset | Total Registers | Total Slices |
+--------------+-----------------------+------------------------+-----------------+--------------+
| No           | No                    | No                     |               8 |            4 |
| No           | No                    | Yes                    |               0 |            0 |
| No           | Yes                   | No                     |              32 |            9 |
| Yes          | No                    | No                     |               4 |            2 |
| Yes          | No                    | Yes                    |              20 |            8 |
| Yes          | Yes                   | No                     |              10 |            6 |
+--------------+-----------------------+------------------------+-----------------+--------------+


4. Detailed Control Set Information
-----------------------------------

+----------------+---------------+-----------------------+------------------+----------------+--------------+
|  Clock Signal  | Enable Signal |    Set/Reset Signal   | Slice Load Count | Bel Load Count | Bels / Slice |
+----------------+---------------+-----------------------+------------------+----------------+--------------+
|  CLK_IBUF_BUFG | P4/P1/eqOp    |                       |                2 |              4 |         2.00 |
|  CLK_IBUF_BUFG |               |                       |                4 |              8 |         2.00 |
|  P1/Q[0]       |               | P2/countH0            |                3 |             10 |         3.33 |
|  P1/Q[0]       | P2/E[0]       | P2/countV_reg[2]_0[0] |                6 |             10 |         1.67 |
|  P4/P1/CLK     | P4/P1/E[0]    | RST_IBUF              |                4 |             10 |         2.50 |
|  P4/P1/CLK     | P4/P4/E[0]    | RST_IBUF              |                4 |             10 |         2.50 |
|  CLK_IBUF_BUFG |               | RST_IBUF              |                6 |             22 |         3.67 |
+----------------+---------------+-----------------------+------------------+----------------+--------------+


